exports[`formatFailureMessage should exclude jasmine from stack trace for windows paths 1`] = `
"  [1m● [22mwindows test

      at stack (..\\jest-jasmine2\\vendor\\jasmine-2.4.1.js:1580:17)
[2m      
      [2mat Object.addResult ([2m[0m[34m..\\jest-jasmine2\\vendor\\jasmine-2.4.1.js[39m[0m[2m:1550:14)[2m
      [2mat Object.it ([2m[0m[34mbuild\\__tests__\\formatFailureMessage-test.js[39m[0m[2m:45:41)[2m[22m
"
`;
