// Jest Snapshot v1, https://goo.gl/fbAQLP

exports[`should exclude jasmine from stack trace for windows paths 1`] = `
"<bold><red>  <bold>● <bold>windows test</>

      at stack (..\\\\jest-jasmine2\\\\vendor\\\\jasmine-2.4.1.js:1580:17)
<dim>      
      <dim>at Object.addResult (<dim>..\\\\jest-jasmine2\\\\vendor\\\\jasmine-2.4.1.js<dim>:1550:14)<dim>
      <dim>at Object.it (<dim>build\\\\__tests__\\\\messages-test.js<dim>:45:41)<dim>
"
`;
