exports[`test renders correctly 1`] = `
<p>
  1482363367.071
   seconds have ellapsed since the UNIX epoch.
</p>
`;
