exports[`Watch mode flows Runs Jest once by default and shows usage 1`] = `
Array [
  "
Watch Usage
 › Press o to only run tests related to changed files.
 › Press p to filter by a filename regex pattern.
 › Press q to quit watch mode.
 › Press Enter to trigger a test run.
",
]
`;
