exports[`test falls back to not call toJSON if objects look identical 1`] = `
"[2mCompared values serialize to the same structure.
Printing internal object structure without calling \`toJSON\` instead.[22m

[32m- Expected[39m
[31m+ Received[39m

[2m [22m [2mObject {[22m
[32m-[39m [32m  \"line\": 1,[39m
[31m+[39m [31m  \"line\": 2,[39m
[2m [22m [2m  \"toJSON\": [Function toJSON],[22m
[2m [22m [2m}[22m"
`;

exports[`test prints a fallback message if two objects truly look identical 1`] = `"[2mCompared values have no visual difference.[22m"`;
