exports[`snapshot handles escaped strings 0`] = `"\\'"`;
